R&D@kvsw MINGW64 ~
$ pwd
/c/Users/R&D

R&D@kvsw MINGW64 ~
$ cd desktop

R&D@kvsw MINGW64 ~/desktop (master)
$ ls
 591/         'Git-2.23.0-64-bit (1).exe'*  'raptor practice files'/
 anjum/        gitbasics/                    versioncontrol/
 desktop.ini   github/                      'versioncontrol commands'/
 file.txt     'linux commands'/

R&D@kvsw MINGW64 ~/desktop (master)
$ ls
 591/         'Git-2.23.0-64-bit (1).exe'*   raptorpracticingfiles/
 anjum/        gitbasics/                    versioncontrol/
 desktop.ini   github/                      'versioncontrol commands'/
 file.txt     'linux commands'/

R&D@kvsw MINGW64 ~/desktop (master)
$ git -a
unknown option: -a
usage: git [--version] [--help] [-C <path>] [-c <name>=<value>]
           [--exec-path[=<path>]] [--html-path] [--man-path] [--info-path]
           [-p | --paginate | -P | --no-pager] [--no-replace-objects] [--bare]
           [--git-dir=<path>] [--work-tree=<path>] [--namespace=<name>]
           <command> [<args>]

R&D@kvsw MINGW64 ~/desktop (master)
$ cd raptorpracticingfiles

R&D@kvsw MINGW64 ~/desktop/raptorpracticingfiles (master)
$ ls
 add.rap           multiplication.rap      task.rap.backup0   task2.rap
 add.rap.backup0   selection.rap           task.rap.backup1   task2.rap.backup0
 division.rap      selection.rap.backup0   task.rap.backup2   task2.rap.backup1
 input.rap         task.rap                task.rap.backup3  'to the power.rap'

R&D@kvsw MINGW64 ~/desktop/raptorpracticingfiles (master)
$ git add *

R&D@kvsw MINGW64 ~/desktop/raptorpracticingfiles (master)
$ git config user.name "shunni9949768377"

R&D@kvsw MINGW64 ~/desktop/raptorpracticingfiles (master)
$ git config user.email "shaikanjum591@gmail.com"

R&D@kvsw MINGW64 ~/desktop/raptorpracticingfiles (master)
$ git remote add raptorpracticingfiles
usage: git remote add [<options>] <name> <url>

    -f, --fetch           fetch the remote branches
    --tags                import all tags and associated objects when fetching
                          or do not fetch any tag at all (--no-tags)
    -t, --track <branch>  branch(es) to track
    -m, --master <branch>
                          master branch
    --mirror[=(push|fetch)]
                          set up remote as a mirror to push to or fetch from


R&D@kvsw MINGW64 ~/desktop/raptorpracticingfiles (master)
$ git remote add raptorpracticingfiles https://github.com/shunni9949768377/raptor

R&D@kvsw MINGW64 ~/desktop/raptorpracticingfiles (master)
$ git commit -m "checking"
[master (root-commit) 38eda0c] checking
 16 files changed, 0 insertions(+), 0 deletions(-)
 create mode 100644 raptorpracticingfiles/add.rap
 create mode 100644 raptorpracticingfiles/add.rap.backup0
 create mode 100644 raptorpracticingfiles/division.rap
 create mode 100644 raptorpracticingfiles/input.rap
 create mode 100644 raptorpracticingfiles/multiplication.rap
 create mode 100644 raptorpracticingfiles/selection.rap
 create mode 100644 raptorpracticingfiles/selection.rap.backup0
 create mode 100644 raptorpracticingfiles/task.rap
 create mode 100644 raptorpracticingfiles/task.rap.backup0
 create mode 100644 raptorpracticingfiles/task.rap.backup1
 create mode 100644 raptorpracticingfiles/task.rap.backup2
 create mode 100644 raptorpracticingfiles/task.rap.backup3
 create mode 100644 raptorpracticingfiles/task2.rap
 create mode 100644 raptorpracticingfiles/task2.rap.backup0
 create mode 100644 raptorpracticingfiles/task2.rap.backup1
 create mode 100644 raptorpracticingfiles/to the power.rap

R&D@kvsw MINGW64 ~/desktop/raptorpracticingfiles (master)
$ git push -u raptorpracticingfiles master
Enumerating objects: 19, done.
Counting objects: 100% (19/19), done.
Delta compression using up to 4 threads
Compressing objects: 100% (18/18), done.
Writing objects: 100% (19/19), 11.39 KiB | 2.85 MiB/s, done.
Total 19 (delta 15), reused 0 (delta 0)
remote: Resolving deltas: 100% (15/15), done.
To https://github.com/shunni9949768377/raptor
 * [new branch]      master -> master
Branch 'master' set up to track remote branch 'master' from 'raptorpracticingfiles'.

R&D@kvsw MINGW64 ~/desktop/raptorpracticingfiles (master)
$ git status
On branch master
Your branch is up to date with 'raptorpracticingfiles/master'.

Untracked files:
  (use "git add <file>..." to include in what will be committed)
        ../591/
        ../Git-2.23.0-64-bit (1).exe
        ../anjum/
        ../desktop.ini
        ../file.txt
        ../gitbasics/
        ../github/
        ../linux commands/
        ../versioncontrol commands/
        ../versioncontrol/

nothing added to commit but untracked files present (use "git add" to track)

R&D@kvsw MINGW64 ~/desktop/raptorpracticingfiles (master)
$